This is pdfTeX, Version 3.141592653-2.6-1.40.29 (TeX Live 2026) (preloaded format=pdflatex 2026.5.7)  2 JUN 2026 21:24
entering extended mode
 restricted \write18 enabled.
 file:line:error style messages enabled.
 %&-line parsing enabled.
**c:/Users/Jorge/Documents/MEGAsync/Clases/TEG/Codigo/GATEWAY_TEG-4/gateway/WiringPi/pins/pins.tex
(c:/Users/Jorge/Documents/MEGAsync/Clases/TEG/Codigo/GATEWAY_TEG-4/gateway/WiringPi/pins/pins.tex
LaTeX2e <2025-11-01>
L3 programming layer <2026-03-20>
(c:/texlive/2026/texmf-dist/tex/latex/base/article.cls
Document Class: article 2025/01/22 v1.4n Standard LaTeX document class
(c:/texlive/2026/texmf-dist/tex/latex/base/size12.clo
File: size12.clo 2025/01/22 v1.4n Standard LaTeX file (size option)
)
\c@part=\count275
\c@section=\count276
\c@subsection=\count277
\c@subsubsection=\count278
\c@paragraph=\count279
\c@subparagraph=\count280
\c@figure=\count281
\c@table=\count282
\abovecaptionskip=\skip49
\belowcaptionskip=\skip50
\bibindent=\dimen150
) (c:/texlive/2026/texmf-dist/tex/latex/graphics/graphics.sty
Package: graphics 2024/08/06 v1.4g Standard LaTeX Graphics (DPC,SPQR)
 (c:/texlive/2026/texmf-dist/tex/latex/graphics/trig.sty
Package: trig 2023/12/02 v1.11 sin cos tan (DPC)
) (c:/texlive/2026/texmf-dist/tex/latex/graphics-cfg/graphics.cfg
File: graphics.cfg 2016/06/04 v1.11 sample graphics configuration
)
Package graphics Info: Driver file: dvips.def on input line 106.
 (c:/texlive/2026/texmf-dist/tex/latex/graphics-def/dvips.def
File: dvips.def 2025/01/21 v3.2a Graphics/color driver for dvips
)) (c:/texlive/2026/texmf-dist/tex/latex/graphics/color.sty
Package: color 2025/01/14 v1.3e Standard LaTeX Color (DPC)
 (c:/texlive/2026/texmf-dist/tex/latex/graphics-cfg/color.cfg
File: color.cfg 2016/01/02 v1.6 sample color configuration
)
Package color Info: Driver file: dvips.def on input line 149.
 (c:/texlive/2026/texmf-dist/tex/latex/graphics/dvipsnam.def
File: dvipsnam.def 2016/06/17 v3.0m Driver-dependent file (DPC,SPQR)
) (c:/texlive/2026/texmf-dist/tex/latex/graphics/mathcolor.ltx)) (c:/texlive/2026/texmf-dist/tex/latex/psnfss/helvet.sty
Package: helvet 2020/03/25 PSNFSS-v9.3 (WaS) 
 (c:/texlive/2026/texmf-dist/tex/latex/graphics/keyval.sty
Package: keyval 2022/05/29 v1.15 key=value parser (DPC)
\KV@toks@=\toks17
))
LaTeX Font Info:    Trying to load font information for OT1+phv on input line 19.
 (c:/texlive/2026/texmf-dist/tex/latex/psnfss/ot1phv.fd
File: ot1phv.fd 2020/03/25 scalable font definitions for OT1/phv.
) (c:/texlive/2026/texmf-dist/tex/latex/l3backend/l3backend-pdftex.def
File: l3backend-pdftex.def 2026-02-18 L3 backend support: PDF output (pdfTeX)
\l__color_backend_stack_int=\count283
) (./pins.aux)
\openout1 = `pins.aux'.

LaTeX Font Info:    Checking defaults for OML/cmm/m/it on input line 19.
LaTeX Font Info:    ... okay on input line 19.
LaTeX Font Info:    Checking defaults for OMS/cmsy/m/n on input line 19.
LaTeX Font Info:    ... okay on input line 19.
LaTeX Font Info:    Checking defaults for OT1/cmr/m/n on input line 19.
LaTeX Font Info:    ... okay on input line 19.
LaTeX Font Info:    Checking defaults for T1/cmr/m/n on input line 19.
LaTeX Font Info:    ... okay on input line 19.
LaTeX Font Info:    Checking defaults for TS1/cmr/m/n on input line 19.
LaTeX Font Info:    ... okay on input line 19.
LaTeX Font Info:    Checking defaults for OMX/cmex/m/n on input line 19.
LaTeX Font Info:    ... okay on input line 19.
LaTeX Font Info:    Checking defaults for U/cmr/m/n on input line 19.
LaTeX Font Info:    ... okay on input line 19.
LaTeX Font Info:    External font `cmex10' loaded for size
(Font)              <12> on input line 44.
LaTeX Font Info:    External font `cmex10' loaded for size
(Font)              <8> on input line 44.
LaTeX Font Info:    External font `cmex10' loaded for size
(Font)              <6> on input line 44.

Overfull \hbox (41.3955pt too wide) in paragraph at lines 44--82
 [] 
 []


Overfull \hbox (28.05167pt too wide) in paragraph at lines 92--112
 [] 
 []

[1
Non-PDF special ignored!
<special> papersize=597.50787pt,845.04684pt
Non-PDF special ignored!
<special> color push  Black
Non-PDF special ignored!
<special> color pop

Non-PDF special ignored!
<special> color push  Black
Non-PDF special ignored!
<special> color pop
{c:/texlive/2026/texmf-var/fonts/map/pdftex/updmap/pdftex.map}{c:/texlive/2026/texmf-dist/fonts/enc/dvips/base/8r.enc}
Non-PDF special ignored!
<special> color push  Black
Non-PDF special ignored!
<special> color pop
Non-PDF special ignored!
<special> color push rgb 1.0  0.0  0.0
Non-PDF special ignored!
<special> color pop
Non-PDF special ignored!
<special> color push rgb 0.5  0.0  0.0
Non-PDF special ignored!
<special> color pop
Non-PDF special ignored!
<special> color push rgb 0.0  1.0  1.0
Non-PDF special ignored!
<special> color pop
Non-PDF special ignored!
<special> color push rgb 0.5  0.0  0.0
Non-PDF special ignored!
<special> color pop
Non-PDF special ignored!
<special> color push rgb 0.0  1.0  1.0
Non-PDF special ignored!
<special> color pop
Non-PDF special ignored!
<special> color push rgb 0.0  0.0  0.0
Non-PDF special ignored!
<special> color pop
Non-PDF special ignored!
<special> color push rgb 0.0  0.5  0.0
Non-PDF special ignored!
<special> color pop
Non-PDF special ignored!
<special> color push rgb 1.0  1.0  0.0
Non-PDF special ignored!
<special> color pop
Non-PDF special ignored!
<special> color push rgb 0.0  0.0  0.0
Non-PDF special ignored!
<special> color pop
Non-PDF special ignored!
<special> color push rgb 1.0  1.0  0.0
Non-PDF special ignored!
<special> color pop
Non-PDF special ignored!
<special> color push rgb 0.0  0.5  0.0
Non-PDF special ignored!
<special> color pop
Non-PDF special ignored!
<special> color push rgb 0.0  0.5  0.0
Non-PDF special ignored!
<special> color pop
Non-PDF special ignored!
<special> color push rgb 0.0  0.5  0.0
Non-PDF special ignored!
<special> color pop
Non-PDF special ignored!
<special> color push rgb 0.0  0.0  0.0
Non-PDF special ignored!
<special> color pop
Non-PDF special ignored!
<special> color push rgb 0.0  0.5  0.0
Non-PDF special ignored!
<special> color pop
Non-PDF special ignored!
<special> color push rgb 0.0  0.5  0.0
Non-PDF special ignored!
<special> color pop
Non-PDF special ignored!
<special> color push rgb 1.0  0.0  0.0
Non-PDF special ignored!
<special> color pop
Non-PDF special ignored!
<special> color push rgb 0.0  0.5  0.0
Non-PDF special ignored!
<special> color pop
Non-PDF special ignored!
<special> color push rgb 0.0  0.5  0.5
Non-PDF special ignored!
<special> color pop
Non-PDF special ignored!
<special> color push rgb 0.0  0.0  0.0
Non-PDF special ignored!
<special> color pop
Non-PDF special ignored!
<special> color push rgb 0.0  0.5  0.5
Non-PDF special ignored!
<special> color pop
Non-PDF special ignored!
<special> color push rgb 0.0  0.5  0.0
Non-PDF special ignored!
<special> color pop
Non-PDF special ignored!
<special> color push rgb 0.0  0.5  0.5
Non-PDF special ignored!
<special> color pop
Non-PDF special ignored!
<special> color push rgb 0.0  0.5  0.5
Non-PDF special ignored!
<special> color pop
Non-PDF special ignored!
<special> color push rgb 0.0  0.0  0.0
Non-PDF special ignored!
<special> color pop
Non-PDF special ignored!
<special> color push rgb 0.0  0.5  0.5
Non-PDF special ignored!
<special> color pop
Non-PDF special ignored!
<special> color push  Black
Non-PDF special ignored!
<special> color pop
Non-PDF special ignored!
<special> color push rgb 0.5  0.0  0.0
Non-PDF special ignored!
<special> color pop
Non-PDF special ignored!
<special> color push rgb 1.0  0.0  0.0
Non-PDF special ignored!
<special> color pop
Non-PDF special ignored!
<special> color push rgb 0.0  0.5  0.0
Non-PDF special ignored!
<special> color pop
Non-PDF special ignored!
<special> color push rgb 0.0  0.5  0.0
Non-PDF special ignored!
<special> color pop
Non-PDF special ignored!
<special> color push rgb 0.0  0.5  0.0
Non-PDF special ignored!
<special> color pop
Non-PDF special ignored!
<special> color push rgb 0.0  0.5  0.0
Non-PDF special ignored!
<special> color pop
Non-PDF special ignored!
<special> color push rgb 0.0  0.0  0.0
Non-PDF special ignored!
<special> color pop
Non-PDF special ignored!
<special> color push rgb 0.0  0.0  0.0
Non-PDF special ignored!
<special> color pop
Non-PDF special ignored!
<special> color push  Black
Non-PDF special ignored!
<special> color pop
] (./pins.aux)
 ***********
LaTeX2e <2025-11-01>
L3 programming layer <2026-03-20>
 ***********
 ) 
Here is how much of TeX's memory you used:
 1039 strings out of 467349
 17334 string characters out of 5419857
 479954 words of memory out of 5000000
 30156 multiletter control sequences out of 15000+600000
 634019 words of font info for 54 fonts, out of 8000000 for 9000
 1141 hyphenation exceptions out of 8191
 42i,8n,51p,277b,262s stack positions out of 10000i,1000n,20000p,200000b,200000s
<c:/texlive/2026/texmf-dist/fonts/type1/public/amsfonts/cm/cmtt12.pfb><c:/texlive/2026/texmf-dist/fonts/type1/urw/helvetic/uhvb8a.pfb><c:/texlive/2026/texmf-dist/fonts/type1/urw/helvetic/uhvr8a.pfb>
Output written on pins.pdf (1 page, 29614 bytes).
PDF statistics:
 24 PDF objects out of 1000 (max. 8388607)
 14 compressed objects within 1 object stream
 0 named destinations out of 1000 (max. 500000)
 1 words of extra memory for PDF output out of 10000 (max. 10000000)

